../Core/Src/main.c:70:5:_write	24	static
../Core/Src/main.c:77:6:uart_process_command	56	static
../Core/Src/main.c:143:6:uart_byte_available	16	static
../Core/Src/main.c:160:5:main	16	static
../Core/Src/main.c:211:6:SystemClock_Config	96	static
../Core/Src/main.c:257:13:MX_I2C1_Init	8	static
../Core/Src/main.c:305:13:MX_USART2_UART_Init	8	static
../Core/Src/main.c:338:13:MX_DMA_Init	16	static
../Core/Src/main.c:356:13:MX_GPIO_Init	56	static
../Core/Src/main.c:402:6:Error_Handler	8	static,ignoring_inline_asm
