../Core/Src/main.c:87:5:main	120	static
../Core/Src/main.c:176:6:SystemClock_Config	96	static
../Core/Src/main.c:222:13:MX_I2C1_Init	8	static
../Core/Src/main.c:270:13:MX_USART2_UART_Init	8	static
../Core/Src/main.c:305:13:MX_GPIO_Init	56	static
../Core/Src/main.c:347:16:platform_write	48	static
../Core/Src/main.c:352:16:platform_read	48	static
../Core/Src/main.c:356:5:_write	24	static
../Core/Src/main.c:372:6:StartDefaultTask	16	static
../Core/Src/main.c:391:6:StartVisualTask	32	static
../Core/Src/main.c:426:6:StartAcceleroTask	40	static
../Core/Src/main.c:466:6:HAL_TIM_PeriodElapsedCallback	16	static
../Core/Src/main.c:483:6:Error_Handler	8	static,ignoring_inline_asm
